// Jest Snapshot v1, https://goo.gl/fbAQLP

exports[`renders the UI as expected 1`] = `
<div
  className="add-meal-div"
>
  <p
    className="exitButton"
    onClick={[Function]}
  >
    X
  </p>
  <h2>
    Log a Meal
  </h2>
  <form
    className="add-meal-form"
    onReset={[Function]}
    onSubmit={[Function]}
  >
    <label
      className="add-meal-labels"
      htmlFor="AddMealNameInput"
    >
      Meal Name:
    </label>
    <br />
    <input
      id="AddMealNameInput"
      maxLength="40"
      onChange={[Function]}
      type="text"
      value="A Meal"
    />
    <br />
    <div
      id="date"
    >
      <label
        className="label-for-datepicker"
        htmlFor="date-select"
      >
        Date and Time:
      </label>
      <div
        className="react-datepicker-wrapper"
      >
        <div
          className="react-datepicker__input-container"
        >
          <input
            className="DatePicker"
            disabled={false}
            id="date-select"
            onBlur={[Function]}
            onChange={[Function]}
            onClick={[Function]}
            onFocus={[Function]}
            onKeyDown={[Function]}
            readOnly={false}
            type="text"
            value="10/10/2019, 10:32 AM"
          />
        </div>
      </div>
    </div>
    <div
      className="AddMealFoodsDisplayContainer"
    >
      <h3>
        Meal Contents
      </h3>
      <div
        className="AddMealFoodsDisplay"
      />
    </div>
    <div
      className="AddFoodDiv"
    >
      <label
        htmlFor="searchTermInput"
      >
        Search for a food:
      </label>
      <br />
      <div
        className="SearchFoodForm"
      >
        <input
          form="sub-form"
          id="searchTermInput"
          onChange={[Function]}
          onKeyPress={[Function]}
          placeholder="food name"
          type="text"
          value=""
        />
        <input
          form="sub-form"
          id="brandTermInput"
          onChange={[Function]}
          onKeyPress={[Function]}
          placeholder="brand"
          type="text"
          value=""
        />
        <button
          form="sub-form"
          htmlFor="searchTermInput"
          id="search-food-button"
          onClick={[Function]}
        >
          Search for Food
        </button>
      </div>
    </div>
    <br />
    <div
      className="ValidationError"
    >
      Meal contents can't be empty
    </div>
    <div
      id="meal-form-btn-container"
    >
      <button
        id="back-button"
        type="reset"
      >
        Back
      </button>
      <button
        className="user-button add-meal-button"
        disabled={true}
      >
        Add Meal
      </button>
    </div>
  </form>
</div>
`;
