// Jest Snapshot v1, https://goo.gl/fbAQLP

exports[`renders the UI as expected 1`] = `
<div
  className="App"
>
  <header>
    <h1
      className="Header"
    >
      <a
        href="/"
      >
        <img
          alt="Symptom Tracker"
          className="header-photo"
          src="logo2.png"
        />
      </a>
      <a
        href="/"
        id="main-title"
        onClick={[Function]}
      >
        Symptom Tracker
      </a>
    </h1>
    <div
      className="nav-container"
    >
      <nav
        className="LoginLogout"
      >
        <a
          aria-current={null}
          href="/about"
          id="aboutlink"
          onClick={[Function]}
        >
          About
        </a>
         
        <a
          aria-current={null}
          href="/login"
          id="loginlink"
          onClick={[Function]}
        >
          Login
        </a>
         
        <a
          aria-current={null}
          href="/register"
          id="signuplink"
          onClick={[Function]}
        >
          Sign up
        </a>
      </nav>
    </div>
    <div
      id="box"
    />
  </header>
  <main>
    <section
      aria-live="polite"
      className="registration-view"
    >
      <form
        className="registration-form"
        onSubmit={[Function]}
      >
        <h2>
          Register for an account
        </h2>
        <div
          className="error"
          role="alert"
        />
        <div
          className="registration-input"
        >
          <label
            className="regLabel"
            htmlFor="registration-name-input"
          >
            Enter your name:
          </label>
          <br />
          <input
            className="registration-input-field"
            id="registration-name-input"
            name="name"
            onChange={[Function]}
            required={true}
            type="text"
            value=""
          />
        </div>
        <div
          className="registration-input"
        >
          <label
            className="regLabel"
            htmlFor="registration-username-input"
          >
            Choose a username:
          </label>
          <br />
          <input
            className="registration-input-field"
            id="registration-username-input"
            name="username"
            onChange={[Function]}
            required={true}
            type="text"
            value=""
          />
        </div>
        <div
          className="registration-input"
        >
          <label
            className="regLabel"
            htmlFor="registration-password-input1"
          >
            Choose a password:
          </label>
          <br />
          <input
            className="registration-input-field"
            id="registration-password-input1"
            name="password1"
            onChange={[Function]}
            required={true}
            type="password"
            value=""
          />
        </div>
        <div
          className="registration-input"
        >
          <label
            className="regLabel"
            htmlFor="registration-password-input2"
          >
            Re-enter your password:
          </label>
          <br />
          <input
            className="registration-input-field"
            id="registration-password-input2"
            name="password2"
            onChange={[Function]}
            required={true}
            type="password"
            value=""
          />
        </div>
        <button
          className="user-button"
          type="submit"
        >
          Sign up!
        </button>
        <p>
          <a
            href="/login"
            onClick={[Function]}
          >
            Already have an account?
          </a>
        </p>
      </form>
      <div
        className="reg-photo-container"
      >
        <img
          alt="A painting of popcorn"
          className="reg-photo"
          src="popcorn.png"
        />
      </div>
      <img
        alt="A painting of a burger"
        className="reg-photo-2"
        src="burger.png"
      />
      <div
        className="mission"
      >
        <h3
          className="reg-description-header emphasis"
        >
          Our mission
        </h3>
        <p
          className="reg-description"
        >
          The RAMbo health tracker is an online food diary designed to help you take control of your health.
           
        </p>
      </div>
      <div
        className="mission"
      >
        <p>
           
          <span
            className="emphasis"
          >
            By tracking foods
          </span>
           you eat and symptoms you experience, Symptom Tracker will help draw relationships between the what you eat and how you feel.
        </p>
      </div>
      <img
        alt="painting of a half eaten pizza"
        className="reg-photo-2"
        src="pizza.png"
      />
      <img
        alt="painting of an eggroll"
        className="reg-photo-2"
        src="eggroll.png"
      />
      <div
        className="mission"
      >
        <p>
           
          <span
            className="emphasis"
          >
            You can now
          </span>
           be better prepared to talk with your doctor about how to take your next steps to wellness. 
          <br />
           Happy tracking!
        </p>
      </div>
    </section>
  </main>
  <div>
    <div
      id="footer"
      role="contentinfo"
    >
      <div
        id="app-info"
      >
        <div
          id="title-and-links"
        >
          <p
            id="title-footer"
          >
            Symptom Tracker
            <br />
             
            <a
              href="https://github.com/thinkful-ei-emu/RAMbo-Tracker-client"
              rel="noopener noreferrer"
              target="_blank"
            >
              Client Code
            </a>
             
            <br />
            <a
              href="https://github.com/thinkful-ei-emu/RAMbo-Tracker-Server"
              rel="noopener noreferrer"
              target="_blank"
            >
              Server Code
            </a>
          </p>
        </div>
        <div
          id="demo-login"
        >
          <p
            className="login-footer"
          >
            Demo Username: testuser
          </p>
          <p
            className="login-footer"
          >
            Demo Password: password1
          </p>
        </div>
      </div>
      <div
        id="developers"
      >
        <p
          id="created-head"
        >
          Created By:
        </p>
        <ul>
          <li>
            <a
              href="https://thinkful-ei-emu.github.io/portfolio-colleen/"
              rel="noopener noreferrer"
              target="_blank"
            >
              Colleen Higgins
            </a>
          </li>
          <li>
            <a
              href="https://thinkful-ei-emu.github.io/Paul-Portfolio/"
              rel="noopener noreferrer"
              target="_blank"
            >
               
              Paul KHan
            </a>
          </li>
          <li>
            <a
              href="https://github.com/Blakelowrey"
              rel="noopener noreferrer"
              target="_blank"
            >
               
              Blake Lowrey
               
            </a>
          </li>
          <li>
            <a
              href="https://thinkful-ei-emu.github.io/portfolio-corey/"
              rel="noopener noreferrer"
              target="_blank"
            >
              Corey Moore
            </a>
          </li>
          <li>
            <a
              href="https://tarajpatel.com"
              rel="noopener noreferrer"
              target="_blank"
            >
              T.J. Patel
            </a>
          </li>
          <li>
            <a
              href="https://dcoollx.github.io/Portfolio/"
              rel="noopener noreferrer"
              target="_blank"
            >
              David Queen Jr.
            </a>
          </li>
        </ul>
        <p
          id="copy-footer"
        >
          RAMbo Â© 2019
        </p>
      </div>
    </div>
  </div>
</div>
`;
